// Jest Snapshot v1, https://goo.gl/fbAQLP

exports[`App should match snapshot with all tests passing through correctly 1`] = `undefined`;
